// Jest Snapshot v1, https://goo.gl/fbAQLP

exports[`BackLink matches snapshot 1`] = `
<div
  className="nhsuk-back-link"
  style={Object {}}
>
  <a
    className="nhsuk-back-link__link"
    href="#"
    onClick={false}
  >
    <ChevronLeft
      className=""
      height={32}
      style={Object {}}
      width={32}
    />
  </a>
</div>
`;
