// Jest Snapshot v1, https://goo.gl/fbAQLP

exports[`Button matches the snapshot as a button 1`] = `ShallowWrapper {}`;

exports[`Button matches the snapshot as a button 2`] = `ShallowWrapper {}`;

exports[`Button matches the snapshot as a button 3`] = `ShallowWrapper {}`;

exports[`Button matches the snapshot as a link 1`] = `ShallowWrapper {}`;

exports[`Button matches the snapshot as a link 2`] = `ShallowWrapper {}`;

exports[`Button matches the snapshot as a link 3`] = `ShallowWrapper {}`;
