// Jest Snapshot v1, https://goo.gl/fbAQLP

exports[`EmergencyAlert all matches snapshot 1`] = `ReactWrapper {}`;

exports[`EmergencyAlert last updated matches snapshot 1`] = `ShallowWrapper {}`;

exports[`EmergencyAlert link matches snapshot 1`] = `ShallowWrapper {}`;

exports[`EmergencyAlert message matches snapshot 1`] = `ShallowWrapper {}`;

exports[`EmergencyAlert title matches snapshot 1`] = `ShallowWrapper {}`;
