// Jest Snapshot v1, https://goo.gl/fbAQLP

exports[`Fieldset matches snapshot 1`] = `
<fieldset
  className="nhsuk-fieldset"
  style={Object {}}
>
  <legend
    className="nhsuk-fieldset__legend nhsuk-fieldset__legend--m"
  >
    <h1
      className="nhsuk-fieldset__heading nhsuk-fieldset__legend--l"
    />
  </legend>
  Test
</fieldset>
`;
