// Jest Snapshot v1, https://goo.gl/fbAQLP

exports[`Fieldset matches snapshot 1`] = `
ShallowWrapper {
  Symbol(enzyme.__root__): [Circular],
  Symbol(enzyme.__unrendered__): <Fieldset
    asPageHeading={false}
    className=""
    describedBy=""
    style={Object {}}
    title=""
>
    Test
</Fieldset>,
  Symbol(enzyme.__renderer__): Object {
    "batchedUpdates": [Function],
    "checkPropTypes": [Function],
    "getNode": [Function],
    "render": [Function],
    "simulateError": [Function],
    "simulateEvent": [Function],
    "unmount": [Function],
  },
  Symbol(enzyme.__node__): Object {
    "instance": null,
    "key": undefined,
    "nodeType": "host",
    "props": Object {
      "aria-describedby": "",
      "children": Array [
        <legend
          className="nhsuk-fieldset__legend "
/>,
        "Test",
      ],
      "className": "nhsuk-fieldset ",
      "style": Object {},
    },
    "ref": null,
    "rendered": Array [
      Object {
        "instance": null,
        "key": undefined,
        "nodeType": "host",
        "props": Object {
          "children": "",
          "className": "nhsuk-fieldset__legend ",
        },
        "ref": null,
        "rendered": "",
        "type": "legend",
      },
      "Test",
    ],
    "type": "fieldset",
  },
  Symbol(enzyme.__nodes__): Array [
    Object {
      "instance": null,
      "key": undefined,
      "nodeType": "host",
      "props": Object {
        "aria-describedby": "",
        "children": Array [
          <legend
            className="nhsuk-fieldset__legend "
/>,
          "Test",
        ],
        "className": "nhsuk-fieldset ",
        "style": Object {},
      },
      "ref": null,
      "rendered": Array [
        Object {
          "instance": null,
          "key": undefined,
          "nodeType": "host",
          "props": Object {
            "children": "",
            "className": "nhsuk-fieldset__legend ",
          },
          "ref": null,
          "rendered": "",
          "type": "legend",
        },
        "Test",
      ],
      "type": "fieldset",
    },
  ],
  Symbol(enzyme.__options__): Object {
    "adapter": ReactSixteenAdapter {
      "options": Object {
        "enableComponentDidUpdateOnSetState": true,
        "legacyContextMode": "parent",
        "lifecycles": Object {
          "componentDidUpdate": Object {
            "onSetState": true,
          },
          "getChildContext": Object {
            "calledByRenderer": false,
          },
          "getDerivedStateFromProps": Object {
            "hasShouldComponentUpdateBug": false,
          },
          "getSnapshotBeforeUpdate": true,
          "setState": Object {
            "skipsComponentDidUpdateOnNullish": true,
          },
        },
      },
    },
  },
}
`;
