// Jest Snapshot v1, https://goo.gl/fbAQLP

exports[`FormWrapper matches snapshot 1`] = `
ShallowWrapper {
  Symbol(enzyme.__root__): [Circular],
  Symbol(enzyme.__unrendered__): <Form
    className=""
    elementMargin={0}
    onChange={[Function]}
    onSubmit={[Function]}
    style={Object {}}
    submitAction=""
    submitMethod="GET"
>
    Child
</Form>,
  Symbol(enzyme.__renderer__): Object {
    "batchedUpdates": [Function],
    "checkPropTypes": [Function],
    "getNode": [Function],
    "render": [Function],
    "simulateError": [Function],
    "simulateEvent": [Function],
    "unmount": [Function],
  },
  Symbol(enzyme.__node__): Object {
    "instance": null,
    "key": undefined,
    "nodeType": "host",
    "props": Object {
      "action": "",
      "children": Array [
        null,
        <div
          className="nhsuk-form-group null "
          style={Object {}}
>
          Child
</div>,
      ],
      "method": "GET",
      "onSubmit": [Function],
    },
    "ref": null,
    "rendered": Array [
      null,
      Object {
        "instance": null,
        "key": undefined,
        "nodeType": "host",
        "props": Object {
          "children": Array [
            "Child",
          ],
          "className": "nhsuk-form-group null ",
          "style": Object {},
        },
        "ref": null,
        "rendered": Array [
          "Child",
        ],
        "type": "div",
      },
    ],
    "type": "form",
  },
  Symbol(enzyme.__nodes__): Array [
    Object {
      "instance": null,
      "key": undefined,
      "nodeType": "host",
      "props": Object {
        "action": "",
        "children": Array [
          null,
          <div
            className="nhsuk-form-group null "
            style={Object {}}
>
            Child
</div>,
        ],
        "method": "GET",
        "onSubmit": [Function],
      },
      "ref": null,
      "rendered": Array [
        null,
        Object {
          "instance": null,
          "key": undefined,
          "nodeType": "host",
          "props": Object {
            "children": Array [
              "Child",
            ],
            "className": "nhsuk-form-group null ",
            "style": Object {},
          },
          "ref": null,
          "rendered": Array [
            "Child",
          ],
          "type": "div",
        },
      ],
      "type": "form",
    },
  ],
  Symbol(enzyme.__options__): Object {
    "adapter": ReactSixteenAdapter {
      "options": Object {
        "enableComponentDidUpdateOnSetState": true,
        "legacyContextMode": "parent",
        "lifecycles": Object {
          "componentDidUpdate": Object {
            "onSetState": true,
          },
          "getChildContext": Object {
            "calledByRenderer": false,
          },
          "getDerivedStateFromProps": Object {
            "hasShouldComponentUpdateBug": false,
          },
          "getSnapshotBeforeUpdate": true,
          "setState": Object {
            "skipsComponentDidUpdateOnNullish": true,
          },
        },
      },
    },
  },
  Symbol(enzyme.__childContext__): null,
}
`;
