// Jest Snapshot v1, https://goo.gl/fbAQLP

exports[`Input matches snapshot 1`] = `
<Fragment>
  <input
    aria-describedby="-hint"
    autoComplete=""
    className="nhsuk-input"
    id=""
    name="-hint"
    onChange={[Function]}
    placeholder=""
    style={Object {}}
    type="text"
  />
</Fragment>
`;
