// Jest Snapshot v1, https://goo.gl/fbAQLP

exports[`InputBlock Input matches snapshot 1`] = `
<Fragment>
  <input
    aria-describedby="thing-hint"
    autoComplete=""
    className="nhsuk-input nhsuk-input--block"
    id="thing"
    name="thing-hint"
    onChange={[Function]}
    placeholder=""
    style={Object {}}
    type="text"
  />
</Fragment>
`;

exports[`InputBlock matches snapshot 1`] = `
<div
  className=""
  style={Object {}}
>
  Child
</div>
`;
