// Jest Snapshot v1, https://goo.gl/fbAQLP

exports[`NavAZ matches snapshot 1`] = `
<nav
  aria-label="A to Z Navigation"
  className="nhsuk-nav-a-z"
  id="nhsuk-nav-a-z"
  role="navigation"
  style={Object {}}
>
  <ol
    className="nhsuk-nav-a-z__list"
  >
    <li
      className="nhsuk-nav-a-z__item"
      key="A"
    >
      <li
        className="nhsuk-nav-a-z__item"
      >
        <a
          className="nhsuk-nav-a-z__link"
          href="#A"
        >
          A
        </a>
      </li>
    </li>
    <li
      className="nhsuk-nav-a-z__item"
      key="B"
    >
      <li
        className="nhsuk-nav-a-z__item"
      >
        <a
          className="nhsuk-nav-a-z__link"
          href="#B"
        >
          B
        </a>
      </li>
    </li>
    <li
      className="nhsuk-nav-a-z__item"
      key="C"
    >
      <li
        className="nhsuk-nav-a-z__item"
      >
        <a
          className="nhsuk-nav-a-z__link"
          href="#C"
        >
          C
        </a>
      </li>
    </li>
    <li
      className="nhsuk-nav-a-z__item"
      key="D"
    >
      <li
        className="nhsuk-nav-a-z__item"
      >
        <a
          className="nhsuk-nav-a-z__link"
          href="#D"
        >
          D
        </a>
      </li>
    </li>
    <li
      className="nhsuk-nav-a-z__item"
      key="E"
    >
      <li
        className="nhsuk-nav-a-z__item"
      >
        <a
          className="nhsuk-nav-a-z__link"
          href="#E"
        >
          E
        </a>
      </li>
    </li>
    <li
      className="nhsuk-nav-a-z__item"
      key="F"
    >
      <li
        className="nhsuk-nav-a-z__item"
      >
        <a
          className="nhsuk-nav-a-z__link"
          href="#F"
        >
          F
        </a>
      </li>
    </li>
    <li
      className="nhsuk-nav-a-z__item"
      key="G"
    >
      <li
        className="nhsuk-nav-a-z__item"
      >
        <a
          className="nhsuk-nav-a-z__link"
          href="#G"
        >
          G
        </a>
      </li>
    </li>
    <li
      className="nhsuk-nav-a-z__item"
      key="H"
    >
      <li
        className="nhsuk-nav-a-z__item"
      >
        <a
          className="nhsuk-nav-a-z__link"
          href="#H"
        >
          H
        </a>
      </li>
    </li>
    <li
      className="nhsuk-nav-a-z__item"
      key="I"
    >
      <li
        className="nhsuk-nav-a-z__item"
      >
        <a
          className="nhsuk-nav-a-z__link"
          href="#I"
        >
          I
        </a>
      </li>
    </li>
    <li
      className="nhsuk-nav-a-z__item"
      key="J"
    >
      <li
        className="nhsuk-nav-a-z__item"
      >
        <a
          className="nhsuk-nav-a-z__link"
          href="#J"
        >
          J
        </a>
      </li>
    </li>
    <li
      className="nhsuk-nav-a-z__item"
      key="K"
    >
      <li
        className="nhsuk-nav-a-z__item"
      >
        <a
          className="nhsuk-nav-a-z__link"
          href="#K"
        >
          K
        </a>
      </li>
    </li>
    <li
      className="nhsuk-nav-a-z__item"
      key="L"
    >
      <li
        className="nhsuk-nav-a-z__item"
      >
        <a
          className="nhsuk-nav-a-z__link"
          href="#L"
        >
          L
        </a>
      </li>
    </li>
    <li
      className="nhsuk-nav-a-z__item"
      key="M"
    >
      <li
        className="nhsuk-nav-a-z__item"
      >
        <a
          className="nhsuk-nav-a-z__link"
          href="#M"
        >
          M
        </a>
      </li>
    </li>
    <li
      className="nhsuk-nav-a-z__item"
      key="N"
    >
      <li
        className="nhsuk-nav-a-z__item"
      >
        <a
          className="nhsuk-nav-a-z__link"
          href="#N"
        >
          N
        </a>
      </li>
    </li>
    <li
      className="nhsuk-nav-a-z__item"
      key="O"
    >
      <li
        className="nhsuk-nav-a-z__item"
      >
        <a
          className="nhsuk-nav-a-z__link"
          href="#O"
        >
          O
        </a>
      </li>
    </li>
    <li
      className="nhsuk-nav-a-z__item"
      key="P"
    >
      <li
        className="nhsuk-nav-a-z__item"
      >
        <a
          className="nhsuk-nav-a-z__link"
          href="#P"
        >
          P
        </a>
      </li>
    </li>
    <li
      className="nhsuk-nav-a-z__item"
      key="Q"
    >
      <li
        className="nhsuk-nav-a-z__item"
      >
        <a
          className="nhsuk-nav-a-z__link"
          href="#Q"
        >
          Q
        </a>
      </li>
    </li>
    <li
      className="nhsuk-nav-a-z__item"
      key="R"
    >
      <li
        className="nhsuk-nav-a-z__item"
      >
        <a
          className="nhsuk-nav-a-z__link"
          href="#R"
        >
          R
        </a>
      </li>
    </li>
    <li
      className="nhsuk-nav-a-z__item"
      key="S"
    >
      <li
        className="nhsuk-nav-a-z__item"
      >
        <a
          className="nhsuk-nav-a-z__link"
          href="#S"
        >
          S
        </a>
      </li>
    </li>
    <li
      className="nhsuk-nav-a-z__item"
      key="T"
    >
      <li
        className="nhsuk-nav-a-z__item"
      >
        <a
          className="nhsuk-nav-a-z__link"
          href="#T"
        >
          T
        </a>
      </li>
    </li>
    <li
      className="nhsuk-nav-a-z__item"
      key="U"
    >
      <li
        className="nhsuk-nav-a-z__item"
      >
        <a
          className="nhsuk-nav-a-z__link"
          href="#U"
        >
          U
        </a>
      </li>
    </li>
    <li
      className="nhsuk-nav-a-z__item"
      key="V"
    >
      <li
        className="nhsuk-nav-a-z__item"
      >
        <a
          className="nhsuk-nav-a-z__link"
          href="#V"
        >
          V
        </a>
      </li>
    </li>
    <li
      className="nhsuk-nav-a-z__item"
      key="W"
    >
      <li
        className="nhsuk-nav-a-z__item"
      >
        <a
          className="nhsuk-nav-a-z__link"
          href="#W"
        >
          W
        </a>
      </li>
    </li>
    <li
      className="nhsuk-nav-a-z__item"
      key="X"
    >
      <li
        className="nhsuk-nav-a-z__item"
      >
        <a
          className="nhsuk-nav-a-z__link"
          href="#X"
        >
          X
        </a>
      </li>
    </li>
    <li
      className="nhsuk-nav-a-z__item"
      key="Y"
    >
      <li
        className="nhsuk-nav-a-z__item"
      >
        <a
          className="nhsuk-nav-a-z__link"
          href="#Y"
        >
          Y
        </a>
      </li>
    </li>
    <li
      className="nhsuk-nav-a-z__item"
      key="Z"
    >
      <li
        className="nhsuk-nav-a-z__item"
      >
        <a
          className="nhsuk-nav-a-z__link"
          href="#Z"
        >
          Z
        </a>
      </li>
    </li>
  </ol>
</nav>
`;
