// Jest Snapshot v1, https://goo.gl/fbAQLP

exports[`SummaryList Row matches snapshot 1`] = `
<div
  className="nhsuk-summary-list__row "
>
  <dt
    className="nhsuk-summary-list__key"
  />
  <dd
    className="nhsuk-summary-list__value"
  >
    Test
  </dd>
</div>
`;

exports[`SummaryList matches snapshot 1`] = `
<dl
  className="nhsuk-summary-list"
>
  Child
</dl>
`;
