// Jest Snapshot v1, https://goo.gl/fbAQLP

exports[`Textarea matches snapshot 1`] = `
<Fieldset
  asPageHeading={false}
  className=""
  describedBy=""
  style={Object {}}
  title=""
>
  <textarea
    autoComplete=""
    className="nhsuk-textarea"
    id=""
    onChange={[Function]}
    rows={5}
  />
</Fieldset>
`;
