// Jest Snapshot v1, https://goo.gl/fbAQLP

exports[`Typography Body matches snapshot 1`] = `
<p
  className="nhsuk-body"
>
  Text
</p>
`;

exports[`Typography Heading matches snapshot 1`] = `
<h1
  className="nhsuk-heading-xl"
>
  Text
</h1>
`;

exports[`Typography List matches snapshot 1`] = `
<ul
  className="nhsuk-list nhsuk-list--bullet"
>
  <li>
    Text
  </li>
</ul>
`;
