// Jest Snapshot v1, https://goo.gl/fbAQLP

exports[`Footer matches snapshot 1`] = `
<li
  className="nhsuk-footer__list-item"
  id=""
  style={Object {}}
>
  <a
    className="nhsuk-footer__list-item-link"
    id={null}
  >
    Hello
  </a>
</li>
`;

exports[`Footer matches snapshot 2`] = `
<footer
  role="contentinfo"
>
  <div
    className="nhsuk-footer"
    id="nhsuk-footer"
  >
    <div
      className="nhsuk-width-container"
    >
      <LinkList
        className=""
      >
        <Link
          className=""
          id=""
          style={Object {}}
        >
          Hello
        </Link>
      </LinkList>
      <Copyright
        className=""
      >
        MIT License
      </Copyright>
    </div>
  </div>
</footer>
`;

exports[`Footer renders copyright notice 1`] = `
<p
  className="nhsuk-footer__copyright"
>
  MIT License
</p>
`;
